{
  "$schema": "http://adaptivecards.io/schemas/adaptive-card.json",
  "version": "1.0",
  "type": "AdaptiveCard",
  "body": [
    {
      "type": "Jumbotron",
      "title": "Pizza Editor",
      "subtitle": "A form for editing a Pizza."
    },
    {
      "id": "code",
      "type": "Input.Text",
      "title": "Unique code of the pizza"
    },
    {
      "id": "label",
      "type": "Input.Text",
      "title": "Customer-facing label",
    },
    {
      "id": "popularitySeq",
      "type": "Input.Number",
      "title": "Integer value to order lists by"
    },
    {
      "id": "vegetarian",
      "type": "Input.Toggle",
      "title": "Is the pizza suitable for vegetarians?"
    }
  ],
  "actions": [
    {
      "type": "Action.Cancel",
      "title": "Cancel"
    },
    {
      "type": "Action.Submit",
      "title": "Submit"
    }
  ]
}