{
  "label": "The Pizza Chef",
  "description": "Someone who makes pizzas",
  "roleMemberships": [

  ],
  "grants": []
}
