{
  "author": "Jane Doe",
  "organisation": "The Harlem Globetrotters",
  "gitHubOwner": "wmfs",
  "npmOrg": "wmfs"
}
