{
  "label": "Customer",
  "description": "Someone who eats pizzas",
  "roleMemberships": [],
  "grants": []
}
