{
  "$schema": "http://adaptivecards.io/schemas/adaptive-card.json",
  "version": "1.0",
  "type": "AdaptiveCard",
  "body": [
    {
      "type": "Jumbotron",
      "title": "Simple Pizza!",
      "subtitle": "For your raaaaapid pizza data entry needs"
    },
    {
      "id": "code",
      "type": "Input.Text",
      "title": "Code"
    },
    {
      "id": "label",
      "type": "Input.Text",
      "title": "Customer-facing label"
    },
    {
      "id": "vegetarian",
      "type": "Input.Toggle",
      "title": "Is it vegetarian?"
    }
  ],
  "actions": [
    {
      "type": "Action.Cancel",
      "title": "Cancel"
    },
    {
      "type": "Action.Submit",
      "title": "Submit"
    }
  ],
  "meta": {
    "generatedWith": "scaffold",
    "generatedOn": "now",
    "data": {
      "modelName": "pizza"
    }
  }
}
