{
  "author": "Jane Doe",
  "organisation": "The Trousers",
  "gitHubOwner": "wmfs",
  "npmOrg": "wmfs"
}
