{
  "author": "John Smith",
  "organisation": "West Bridgford Hockey Club",
  "gitHubOwner": "wbhc",
  "npmOrg": "johnsmith"
}
