{
  "label": "The Pizza Maestro",
  "description": "Someone who makes master pizzas",
  "roleMemberships": [
    "wmfs_chef"
  ],
  "grants": []
}
