{
  "label": "Pizza Shop",
  "description": "Pizza Shop",
  "style": {
    "icon": "pizza",
    "backgroundColor": "#008800"
  }
}
