{
  "label": "Pizza",
  "description": "Pizza",
  "roleMemberships": [],
  "grants": []
}
