{
  "author": "Jane Doe",
  "organisation": "WestMidlandsFireService",
  "gitHubOwner": "westmidlandsfireservice",
  "npmOrg": "wmfs"
}
