{
  "name": "John Smith",
  "organisation": "West Midlands Fire Service",
  "githubOrganisation": "wmfs",
  "npmOrganisation": "wmfs"
}
