{
  "$schema": "http://json-schema.org/draft-06/schema#",
  "title": "Pizza",
  "description": "A pizza",
  "type": "object",
  "properties": {
    "name": {
      "title": "Name",
      "type": "string"
    }
  },
  "required": [
    "name"
  ],
  "primaryKey": [
    "name"
  ]
}
